******************************************************************************
                  TI ARM Linker PC v15.12.3                    
******************************************************************************
>> Linked Sun Jul 28 18:28:02 2019

OUTPUT FILE NAME:   <free_rtos_matlab.out>
ENTRY POINT SYMBOL: "_c_int00"  address: 00014604


MEMORY CONFIGURATION

         name            origin    length      used     unused   attr    fill
----------------------  --------  ---------  --------  --------  ----  --------
  VECTORS               00000000   00000020  00000020  00000000     X
  KERNEL                00000020   00008000  00004db4  0000324c  R  X
  FLASH0                00008020   00177fe0  0000e6fe  001698e2  R  X
  FLASH1                00180000   00180000  00000000  00180000  R  X
  STACKS                08000000   00000800  00000000  00000800  RW  
  KRAM                  08000800   00000800  00000174  0000068c  RW  
  RAM                   08001000   0003f000  00002564  0003ca9c  RW  


SEGMENT ALLOCATION MAP

run origin  load origin   length   init length attrs members
----------  ----------- ---------- ----------- ----- -------
00000000    00000000    00004dd4   00004dd4    r-x
  00000000    00000000    00000020   00000020    r-x .intvecs
  00000020    00000020    00004ad0   00004ad0    r-x .kernelTEXT
  00004af0    00004af0    000002e4   000002e4    r-- .cinit
00008020    00008020    0000e702   0000e702    r-x
  00008020    00008020    0000e37c   0000e37c    r-x .text
  000163a0    000163a0    00000382   00000382    r-- .const
08000800    08000800    00000174   00000000    rw-
  08000800    08000800    00000174   00000000    rw- .kernelBSS
08001000    08001000    00002564   00000000    rw-
  08001000    08001000    00002000   00000000    rw- .kernelHEAP
  08003000    08003000    000003f0   00000000    rw- .data
  080033f0    080033f0    00000174   00000000    rw- .bss


SECTION ALLOCATION MAP

 output                                  attributes/
section   page    origin      length       input sections
--------  ----  ----------  ----------   ----------------
.intvecs   0    00000000    00000020     
                  00000000    00000020     sys_intvecs.obj (.intvecs)

.kernelTEXT 
*          0    00000020    00004ad0     
                  00000020    00002d1c     os_tasks.obj (.kernelTEXT)
                  00002d3c    00001180     os_queue.obj (.kernelTEXT)
                  00003ebc    000004b0     os_portasm.obj (.kernelTEXT)
                  0000436c    000003e0     os_port.obj (.kernelTEXT)
                  0000474c    000003a4     os_heap.obj (.kernelTEXT)

.cinit     0    00004af0    000002e4     
                  00004af0    00000284     (.cinit..data.load) [load image, compression = rle]
                  00004d74    00000004     --HOLE-- [fill = 0]
                  00004d78    00000016     (.cinit..kernelBSS.load) [load image, compression = rle]
                  00004d8e    00000002     --HOLE-- [fill = 0]
                  00004d90    0000000b     (.cinit..bss.load) [load image, compression = rle]
                  00004d9b    00000005     --HOLE-- [fill = 0]
                  00004da0    0000000b     (.cinit..kernelHEAP.load) [load image, compression = rle]
                  00004dab    00000001     --HOLE-- [fill = 0]
                  00004dac    00000008     (__TI_handler_table)
                  00004db4    00000020     (__TI_cinit_table)

.text      0    00008020    0000e37c     
                  00008020    00002cdc     sys_selftest.obj (.text)
                  0000acfc    00002c20     sys_main.obj (.text)
                  0000d91c    0000111c     can.obj (.text)
                  0000ea38    00001098     rtsv7R4_T_be_v3D16_eabi.lib : _printfi.obj (.text)
                  0000fad0    00001094     os_tasks.obj (.text)
                  00010b64    00000b28     system.obj (.text)
                  0001168c    000009d4     sci.obj (.text)
                  00012060    0000089c     sys_vim.obj (.text)
                  000128fc    00000638     pinmux.obj (.text)
                  00012f34    000005e8     esm.obj (.text)
                  0001351c    000005e0     os_mpu_wrappers.obj (.text)
                  00013afc    00000484     gio.obj (.text)
                  00013f80    000003cc     sys_core.obj (.text)
                  0001434c    000002b8     rtsv7R4_T_be_v3D16_eabi.lib : ull_div32.obj (.text)
                  00014604    00000298     sys_startup.obj (.text:retain)
                  0001489c    00000294     sys_vim.obj (.text:retain)
                  00014b30    0000028c     os_list.obj (.text)
                  00014dbc    00000284     os_heap.obj (.text)
                  00015040    0000024c     rtsv7R4_T_be_v3D16_eabi.lib : e_exp.obj (.text)
                  0001528c    00000200     can.obj (.text:retain)
                  0001548c    000001bc     rtsv7R4_T_be_v3D16_eabi.lib : e_atan2.obj (.text)
                  00015648    000001b4     os_port.obj (.text)
                  000157fc    000001a4     rtsv7R4_T_be_v3D16_eabi.lib : s_atan.obj (.text)
                  000159a0    00000114     esm.obj (.text:retain)
                  00015ab4    00000110     sys_pmu.obj (.text)
                  00015bc4    000000f4     rtsv7R4_T_be_v3D16_eabi.lib : s_scalbn.obj (.text)
                  00015cb8    000000e8     dabort.obj (.text)
                  00015da0    000000d0     notification.obj (.text)
                  00015e70    0000009c     rtsv7R4_T_be_v3D16_eabi.lib : memcpy_t2.obj (.text)
                  00015f0c    0000007a                                 : memset_t2.obj (.text)
                  00015f86    00000002                                 : i_div0.obj (.text)
                  00015f88    00000074                                 : s_frexp.obj (.text)
                  00015ffc    00000070                                 : autoinit.obj (.text)
                  0001606c    0000006a                                 : copy_decompress_rle.obj (.text)
                  000160d6    00000002                                 : startup.obj (.text)
                  000160d8    00000064                                 : sprintf.obj (.text)
                  0001613c    00000056                                 : ltoa.obj (.text)
                  00016192    00000002     --HOLE-- [fill = 0]
                  00016194    00000050                                 : atoi.obj (.text)
                  000161e4    00000050                                 : exit.obj (.text)
                  00016234    00000050                                 : u_div32.obj (.text)
                  00016284    0000004c                                 : cpy_tbl.obj (.text)
                  000162d0    0000002c                                 : e_sqrt.obj (.text)
                  000162fc    0000001c                                 : memccpy.obj (.text)
                  00016318    00000018                                 : s_copysign.obj (.text)
                  00016330    00000016                                 : strchr.obj (.text)
                  00016346    00000016                                 : strlen.obj (.text)
                  0001635c    00000014                                 : _lock.obj (.text)
                  00016370    00000014                                 : strcpy.obj (.text)
                  00016384    0000000e                                 : copy_decompress_none.obj (.text:decompress:none)
                  00016392    00000006                                 : copy_decompress_rle.obj (.text:decompress:rle24)
                  00016398    00000004     sys_phantom.obj (.text:retain)

.const     0    000163a0    00000382     
                  000163a0    00000180     sys_vim.obj (.const:s_vim_init)
                  00016520    00000101     rtsv7R4_T_be_v3D16_eabi.lib : ctype.obj (.const:.string:_ctypes_)
                  00016621    00000002     sys_main.obj (.const:.string:$P$T0$2)
                  00016623    00000001     --HOLE-- [fill = 0]
                  00016624    00000004     os_heap.obj (.const)
                  00016628    00000098     rtsv7R4_T_be_v3D16_eabi.lib : s_atan.obj (.const:$O1$$)
                  000166c0    00000030                                 : e_exp.obj (.const:$O1$$)
                  000166f0    00000020     can.obj (.const:s_canByteOrder)
                  00016710    00000010     sys_main.obj (.const:$P$T2$13)
                  00016720    00000002     sys_main.obj (.const:.string:$P$T1$3)

.kernelBSS 
*          0    08000800    00000174     UNINITIALIZED
                  08000800    00000134     os_tasks.obj (.kernelBSS:uninit)
                  08000934    00000038     os_tasks.obj (.kernelBSS:init)
                  0800096c    00000008     os_port.obj (.kernelBSS)

.kernelHEAP 
*          0    08001000    00002000     UNINITIALIZED
                  08001000    00002000     os_heap.obj (.kernelHEAP)

.data      0    08003000    000003f0     UNINITIALIZED
                  08003000    000000e8     sys_main.obj (.data)
                  080030e8    00000090     os_tasks.obj (.data:globalBehaviourTable)
                  08003178    00000090     sys_main.obj (.data:globalBehaviourTable)
                  08003208    00000090     os_tasks.obj (.data:globalBudgetTable)
                  08003298    00000090     sys_main.obj (.data:globalBudgetTable)
                  08003328    00000050     os_tasks.obj (.data)
                  08003378    00000018     os_tasks.obj (.data:globalRuntimeBudgetTable)
                  08003390    00000018     sys_main.obj (.data:globalRuntimeBudgetTable)
                  080033a8    00000014     sys_main.obj (.data:WCET)
                  080033bc    00000010     os_heap.obj (.data)
                  080033cc    0000000c     rtsv7R4_T_be_v3D16_eabi.lib : exit.obj (.data:$O1$$)
                  080033d8    0000000c     sys_main.obj (.data:fol_pos)
                  080033e4    00000008     rtsv7R4_T_be_v3D16_eabi.lib : _lock.obj (.data:$O1$$)
                  080033ec    00000004                                 : errno.obj (.data)

.bss       0    080033f0    00000174     UNINITIALIZED
                  080033f0    00000078     os_tasks.obj (.bss)
                  08003468    00000064     sys_main.obj (.bss)
                  080034cc    00000028     sci.obj (.bss:g_sciTransfer_t)
                  080034f4    0000000c     sys_main.obj (.bss:lead_pos)
                  08003500    0000000c     sys_main.obj (.bss:lead_pos_delayed)
                  0800350c    00000008     os_heap.obj (.bss:xStart)
                  08003514    00000008     (.common:rx_data)
                  0800351c    00000004     (.common:CATcb)
                  08003520    00000004     (.common:accSem)
                  08003524    00000004     (.common:canIntRxSem)
                  08003528    00000004     (.common:canTaskTcb)
                  0800352c    00000004     (.common:cruiseControlSem)
                  08003530    00000004     (.common:cruiseControlTaskTcb)
                  08003534    00000004     (.common:currentTime)
                  08003538    00000004     (.common:mailBox)
                  0800353c    00000004     (.common:prevTime)
                  08003540    00000004     (.common:radarSem)
                  08003544    00000004     (.common:radarTaskTcb)
                  08003548    00000004     (.common:steerTaskTcb)
                  0800354c    00000004     (.common:timeStep)
                  08003550    00000004     (.common:uartAccTxSem)
                  08003554    00000004     (.common:uartUltrasonicTxSem)
                  08003558    00000004     (.common:ultrasonicSem)
                  0800355c    00000004     (.common:vehToVehSem)
                  08003560    00000004     (.common:vehToVehTaskTcb)

MODULE SUMMARY

       Module                     code    ro data   rw data
       ------                     ----    -------   -------
    .\source\
       os_tasks.obj               15792   0         876    
       sys_main.obj               11296   20        780    
       sys_selftest.obj           11484   0         0      
       os_heap.obj                1576    4         8216   
       can.obj                    4892    32        0      
       os_queue.obj               4480    0         0      
       sys_vim.obj                2864    384       0      
       system.obj                 2856    0         0      
       sci.obj                    2516    0         40     
       esm.obj                    1788    0         0      
       pinmux.obj                 1592    0         0      
       os_mpu_wrappers.obj        1504    0         0      
       os_port.obj                1428    0         8      
       os_portasm.obj             1200    0         0      
       gio.obj                    1156    0         0      
       sys_core.obj               972     0         0      
       sys_startup.obj            664     0         0      
       os_list.obj                652     0         0      
       sys_pmu.obj                272     0         0      
       dabort.obj                 232     0         0      
       notification.obj           208     0         0      
       sys_intvecs.obj            32      0         0      
       sys_phantom.obj            4       0         0      
    +--+--------------------------+-------+---------+---------+
       Total:                     69460   440       9920   
                                                           
    C:/ti/ccsv6/tools/compiler/arm_15.12.3.LTS/lib/rtsv7R4_T_be_v3D16_eabi.lib
       _printfi.obj               4248    0         0      
       ull_div32.obj              696     0         0      
       e_exp.obj                  588     48        0      
       s_atan.obj                 420     152       0      
       e_atan2.obj                444     0         0      
       ctype.obj                  0       257       0      
       s_scalbn.obj               244     0         0      
       memcpy_t2.obj              156     0         0      
       memset_t2.obj              122     0         0      
       s_frexp.obj                116     0         0      
       autoinit.obj               112     0         0      
       copy_decompress_rle.obj    112     0         0      
       sprintf.obj                100     0         0      
       exit.obj                   80      0         12     
       ltoa.obj                   86      0         0      
       atoi.obj                   80      0         0      
       u_div32.obj                80      0         0      
       cpy_tbl.obj                76      0         0      
       e_sqrt.obj                 44      0         0      
       _lock.obj                  20      0         8      
       memccpy.obj                28      0         0      
       s_copysign.obj             24      0         0      
       strchr.obj                 22      0         0      
       strlen.obj                 22      0         0      
       strcpy.obj                 20      0         0      
       copy_decompress_none.obj   14      0         0      
       errno.obj                  0       0         4      
       i_div0.obj                 2       0         0      
       startup.obj                2       0         0      
    +--+--------------------------+-------+---------+---------+
       Total:                     7958    457       24     
                                                           
       Linker Generated:          0       728       0      
    +--+--------------------------+-------+---------+---------+
       Grand Total:               77418   1625      9944   


LINKER GENERATED COPY TABLES

__TI_cinit_table @ 00004db4 records: 4, size/record: 8, table size: 32
	.data: load addr=00004af0, load size=00000284 bytes, run addr=08003000, run size=000003f0 bytes, compression=rle
	.kernelBSS: load addr=00004d78, load size=00000016 bytes, run addr=08000800, run size=00000174 bytes, compression=rle
	.bss: load addr=00004d90, load size=0000000b bytes, run addr=080033f0, run size=00000174 bytes, compression=rle
	.kernelHEAP: load addr=00004da0, load size=0000000b bytes, run addr=08001000, run size=00002000 bytes, compression=rle


LINKER GENERATED HANDLER TABLE

__TI_handler_table @ 00004dac records: 2, size/record: 4, table size: 8
	index: 0, handler: __TI_decompress_rle24
	index: 1, handler: __TI_decompress_none


GLOBAL SYMBOLS: SORTED ALPHABETICALLY BY Name 

address   name                                  
-------   ----                                  
000161e5  C$$EXIT                               
0000aecc  CATask                                
0800351c  CATcb                                 
00013a4c  MPU_pvPortMalloc                      
00013910  MPU_uxQueueMessagesWaiting            
0001378c  MPU_uxTaskGetNumberOfTasks            
00013810  MPU_uxTaskGetStackHighWaterMark       
00013650  MPU_uxTaskPriorityGet                 
00013a80  MPU_vPortFree                         
00013aac  MPU_vPortInitialiseBlocks             
00013998  MPU_vQueueDelete                      
00013590  MPU_vTaskAllocateMPURegions           
00013624  MPU_vTaskDelay                        
000135f0  MPU_vTaskDelayUntil                   
000135c4  MPU_vTaskDelete                       
000137e4  MPU_vTaskGetRunTimeStats              
000137b8  MPU_vTaskList                         
00013684  MPU_vTaskPrioritySet                  
000136e4  MPU_vTaskResume                       
000136b8  MPU_vTaskSuspend                      
00013710  MPU_vTaskSuspendAll                   
00013ad0  MPU_xPortGetFreeHeapSize              
00013870  MPU_xQueueGenericCreate               
00013944  MPU_xQueueGenericReceive              
000139c4  MPU_xQueueGenericReset                
000138bc  MPU_xQueueGenericSend                 
00013a08  MPU_xQueuePeekFromISR                 
0001351c  MPU_xTaskGenericCreate                
00013844  MPU_xTaskGetSchedulerState            
00013760  MPU_xTaskGetTickCount                 
00013734  MPU_xTaskResumeAll                    
UNDEFED   SHT$$INIT_ARRAY$$Base                 
UNDEFED   SHT$$INIT_ARRAY$$Limit                
00004db4  __TI_CINIT_Base                       
00004dd4  __TI_CINIT_Limit                      
00004dac  __TI_Handler_Table_Base               
00004db4  __TI_Handler_Table_Limit              
00014344  __TI_PINIT_Base                       
00014348  __TI_PINIT_Limit                      
00015ffd  __TI_auto_init                        
080033cc  __TI_cleanup_ptr                      
00016385  __TI_decompress_none                  
00016393  __TI_decompress_rle24                 
080033d0  __TI_dtors_ptr                        
080033d4  __TI_enable_exit_profile_output       
ffffffff  __TI_pprof_out_hndl                   
0000f7cb  __TI_printfi                          
ffffffff  __TI_prof_data_size                   
ffffffff  __TI_prof_data_start                  
00000000  __TI_static_base__                    
00015f87  __aeabi_idiv0                         
00015f0d  __aeabi_memclr                        
00015f0d  __aeabi_memclr4                       
00015f0d  __aeabi_memclr8                       
00015e71  __aeabi_memcpy                        
00015e71  __aeabi_memcpy4                       
00015e71  __aeabi_memcpy8                       
00015f0f  __aeabi_memset                        
00015f0f  __aeabi_memset4                       
00015f0f  __aeabi_memset8                       
00016234  __aeabi_uidiv                         
00016234  __aeabi_uidivmod                      
0001434c  __aeabi_uldivmod                      
ffffffff  __binit__                             
ffffffff  __c_args__                            
00014604  _c_int00                              
0001423c  _coreClearAuxiliaryDataFault_         
00014258  _coreClearAuxiliaryInstructionFault_  
00014204  _coreClearDataFaultAddress_           
000141cc  _coreClearDataFault_                  
00014220  _coreClearInstructionFaultAddress_    
000141e8  _coreClearInstructionFault_           
00014130  _coreDisableEventBusExport_           
00014194  _coreDisableFlashEcc_                 
00014160  _coreDisableRamEcc_                   
00014118  _coreEnableEventBusExport_            
00014178  _coreEnableFlashEcc_                  
000141ac  _coreEnableIrqVicOffset_              
00014148  _coreEnableRamEcc_                    
000140f8  _coreEnableVfp_                       
00014234  _coreGetAuxiliaryDataFault_           
00014250  _coreGetAuxiliaryInstructionFault_    
000141fc  _coreGetDataFaultAddress_             
000141c4  _coreGetDataFault_                    
00014218  _coreGetInstructionFaultAddress_      
000141e0  _coreGetInstructionFault_             
00013f80  _coreInitRegisters_                   
0001408c  _coreInitStackPointer_                
00016520  _ctypes_                              
00015cb8  _dabort                               
00014274  _disable_FIQ_interrupt_               
0001427c  _disable_IRQ_interrupt_               
0001426c  _disable_interrupt_                   
00014284  _enable_interrupt_                    
00014314  _errata_CORTEXR4_57_                  
0001432c  _errata_CORTEXR4_66_                  
0001428c  _esmCcmErrorsClear_                   
000140d8  _getCPSRValue_                        
000140e0  _gotoCPUIdle_                         
080033e4  _lock                                 
0001636b  _nop                                  
00015b20  _pmuDisableCountersGlobal_            
00015b08  _pmuEnableCountersGlobal_             
00015b9c  _pmuGetCycleCount_                    
00015ba4  _pmuGetEventCount_                    
00015bb0  _pmuGetOverflow_                      
00015ab4  _pmuInit_                             
00015b68  _pmuResetCounters_                    
00015b38  _pmuResetCycleCounter_                
00015b50  _pmuResetEventCounters_               
00015b90  _pmuSetCountEvent_                    
00015b80  _pmuStartCounters_                    
00015b88  _pmuStopCounters_                     
00016363  _register_lock                        
0001635d  _register_unlock                      
000160d7  _system_post_cinit                    
080033e8  _unlock                               
000161e9  abort                                 
08003520  accSem                                
0000d0c8  accelerationControl                   
0000d39c  accelerationControlVeh                
0000cb3c  accelerationDemand                    
0000cbbc  accelerationDemand2                   
0000926c  adc1ParityCheck                       
00009358  adc2ParityCheck                       
000157fd  atan                                  
0001548d  atan2                                 
0001548d  atan2l                                
000157fd  atanl                                 
00016195  atoi                                  
ffffffff  binit                                 
0000ae98  blinkLEDTask                          
0000c9cc  calculateEuclidianDistance            
0000ca7c  calculateEuclidianDistanceCurve       
0000d7f0  calculateSteerSensitivity             
0000d82c  calculateWheelSlip                    
0000e694  can1GetConfigValue                    
0001528c  can1HighLevelInterrupt                
00009410  can1ParityCheck                       
0000e800  can2GetConfigValue                    
00015374  can2HighLevelInterrupt                
000094e8  can2ParityCheck                       
000095b0  can3ParityCheck                       
0000e534  canDisableErrorNotification           
0000e514  canDisableStatusChangeNotification    
0000e58c  canDisableloopback                    
0000e4d4  canEnableErrorNotification            
0000e4f4  canEnableStatusChangeNotification     
0000e554  canEnableloopback                     
00015df8  canErrorNotification                  
0000e27c  canFillMessageObjectData              
0000dfa4  canGetData                            
0000e4b0  canGetErrorLevel                      
0000e0fc  canGetID                              
0000e48c  canGetLastError                       
0000d91c  canInit                               
08003524  canIntRxSem                           
0000e678  canIoRxGetBit                         
0000e5bc  canIoSetDirection                     
0000e60c  canIoSetPort                          
0000e65c  canIoTxGetBit                         
0000e430  canIsMessageBoxValid                  
0000e3d4  canIsRxMessageArrived                 
0000e378  canIsTxMessagePending                 
0000c838  canMessageNotification                
0000e1dc  canSendRemoteFrame                    
00015e0c  canStatusChangeNotification           
0000b834  canTask                               
08003528  canTaskTcb                            
0000dea8  canTransmit                           
0000e164  canUpdateID                           
0800301c  ccdegradePeriod                       
00008030  ccmSelfCheck                          
0000a6fc  ccmr4GetConfigValue                   
00008938  checkB0RAMECC                         
00008b28  checkB1RAMECC                         
00009c18  checkClockMonitor                     
0000ccf0  checkFieldOfViewRadar                 
0000cdd4  checkFieldOfViewV2V                   
00008d18  checkFlashECC                         
00009cf4  checkFlashEEPROMECC                   
00009e8c  checkPLL1Slip                         
00009f8c  checkPLL2Slip                         
0000a050  checkRAMAddrParity                    
000099d0  checkRAMECC                           
0000a15c  checkRAMUERRTest                      
000087bc  checkefcSelfTest                      
00016285  copy_in                               
00016319  copysign                              
00016319  copysignl                             
00008234  cpuSelfTest                           
00008dfc  cpuSelfTestFail                       
0800352c  cruiseControlSem                      
0000b174  cruiseControlTask                     
08003530  cruiseControlTaskTcb                  
08003534  currentTime                           
08003050  curveAheadIndex                       
08003054  curveCurrentIndex                     
0800304c  curvePassedIndex                      
0800302c  curve_1_x_start                       
0800303c  curve_1_y_start                       
08003030  curve_2_x_start                       
08003040  curve_2_y_start                       
08003034  curve_3_x_start                       
08003044  curve_3_y_start                       
08003038  curve_4_x_start                       
08003048  curve_4_y_start                       
08003060  curveaheadxPos                        
08003064  curveaheadyPos                        
08003068  curvepassedxPos                       
0800306c  curvepassedyPos                       
00008df4  custom_dabort                         
08003020  degradeSteer                          
0000ab58  disableParity                         
00015e5c  dmaGroupANotification                 
00008eac  dmaParityCheck                        
00008660  efcCheck                              
0000a660  efcGetConfigValue                     
00008794  efcSelfTest                           
000086e8  efcStuckZeroTest                      
0000aad0  enableParity                          
0000a76c  errata_PBIST_4                        
080033ec  errno                                 
000130c0  esmActivateNormalOperation            
000131a4  esmClearStatus                        
000131f0  esmClearStatusBuffer                  
00013084  esmDisableError                       
000130fc  esmDisableInterrupt                   
00013058  esmEnableError                        
000130d0  esmEnableInterrupt                    
000132f0  esmEnterSelfTest                      
0001303c  esmError                              
000133c8  esmGetConfigValue                     
0001322c  esmGetStatus                          
000132b8  esmGetStatusBuffer                    
00015da0  esmGroup1Notification                 
00015db0  esmGroup2Notification                 
000159a0  esmHighInterrupt                      
00012f34  esmInit                               
00013378  esmSelfTestStatus                     
0001320c  esmSetCounterPreloadValue             
00013128  esmSetInterruptLevel                  
000130b0  esmTriggerErrorPinReset               
000161f1  exit                                  
00015041  exp                                   
00015041  expl                                  
0000a2c4  fmcBus1ParityCheck                    
0000885c  fmcBus2Check                          
00008898  fmcECCcheck                           
0800305c  foltravelledDistance                  
00015f89  frexp                                 
00015f89  frexpl                                
0000ada8  getProfilerTimerCount                 
0000adb4  getWCET                               
00013d5c  gioDisableNotification                
00013cf4  gioEnableNotification                 
00013c5c  gioGetBit                             
00013dc4  gioGetConfigValue                     
00013c84  gioGetPort                            
00013afc  gioInit                               
00015e34  gioNotification                       
00013bec  gioSetBit                             
00013bcc  gioSetDirection                       
00013c3c  gioSetPort                            
00013c9c  gioToggleBit                          
00008f58  het1ParityCheck                       
000090c0  het2ParityCheck                       
00009004  htu1ParityCheck                       
000091bc  htu2ParityCheck                       
0000ad8c  initializeProfiler                    
0000d664  int_simpson                           
08003018  intindexreg                           
08003014  intvectreg                            
0000ceac  laneChangeSteering                    
00015bc5  ldexp                                 
00015bc5  ldexpl                                
0001613d  ltoa                                  
08003538  mailBox                               
0000c64c  main                                  
08003058  maintainCurveSpeed                    
00010ca0  mapClocks                             
0000c890  max                                   
000162fd  memccpy                               
00015e71  memcpy                                
00008174  memoryInit                            
00015dc0  memoryPort0TestFailNotification       
00015ddc  memoryPort1TestFailNotification       
00015f15  memset                                
00009684  mibspi1ParityCheck                    
0000978c  mibspi3ParityCheck                    
000098b0  mibspi5ParityCheck                    
0000c8f4  min                                   
000128fc  muxInit                               
0000cafc  numericalDerivativeDist               
0000ce64  numericalDerivativeKD                 
0000ce10  numericalDerivativeKP                 
0000a3ec  pbistFail                             
0000a470  pbistGetConfigValue                   
000085a8  pbistIsTestCompleted                  
000085d4  pbistIsTestPassed                     
00008608  pbistPortTestStatus                   
000084ac  pbistRun                              
000082cc  pbistSelfCheck                        
00008578  pbistStop                             
00010c4c  periphInit                            
00016398  phantomInterrupt                      
00012c80  pinmuxGetConfigValue                  
0800353c  prevTime                              
00004344  prvMpuDisable                         
0000432c  prvMpuEnable                          
00004314  prvMpuSetRegion                       
0000474c  pvPortMalloc                          
08000934  pxCurrentTCB                          
0000436c  pxPortInitialiseStack                 
08003540  radarSem                              
0000b078  radarTask                             
08003544  radarTaskTcb                          
00000000  resetEntry                            
0000add0  runTimeUtilization                    
08003514  rx_data                               
00015bc5  scalbn                                
00015bc5  scalbnl                               
00011c24  sciDisableLoopback                    
00011cb0  sciDisableNotification                
00011bf0  sciEnableLoopback                     
00011c48  sciEnableNotification                 
00011d18  sciGetConfigValue                     
0001168c  sciInit                               
00011aa0  sciIsIdleDetected                     
00011a84  sciIsRxReady                          
00011904  sciIsTxReady                          
00015e48  sciNotification                       
00011b18  sciReceive                            
00011aec  sciReceiveByte                        
00011abc  sciRxError                            
00011950  sciSend                               
00011920  sciSendByte                           
00011880  sciSetBaudrate                        
00011860  sciSetFunctional                      
00011e70  scilinGetConfigValue                  
00008020  selftestFailNotification              
0000c944  send_float                            
00010c0c  setupFlash                            
00010b64  setupPLL                              
0000cc2c  simpleThrottleBrake                   
000160d9  sprintf                               
000162d1  sqrt                                  
000162d1  sqrtl                                 
00011484  sramGetConfigValue                    
0000adf4  stateServiceLevelManager              
0000a5bc  stcGetConfigValue                     
000081b8  stcSelfCheck                          
00008df8  stcSelfCheckFail                      
0000afe0  steerTask                             
08003548  steerTaskTcb                          
0000cf90  steering                              
00016331  strchr                                
00016371  strcpy                                
00016347  strlen                                
00010ec4  systemGetConfigValue                  
00010dc8  systemInit                            
00010e94  systemPowerDown                       
000112d8  tcmflashGetConfigValue                
0800354c  timeStep                              
00010bc4  trimLPO                               
08003550  uartAccTxSem                          
08003554  uartUltrasonicTxSem                   
00003adc  ucQueueGetQueueType                   
0800096c  ulCriticalNesting                     
0000423c  ulPortCountLeadingZeros               
08000970  ulTaskHasFPUContext                   
00010360  ulTaskNotifyTake                      
08003558  ultrasonicSem                         
0000ffa4  updateTableDifferentCriticalityOverrun
0000fd38  updateTableSameCriticalityOverrun     
00014cdc  uxListRemove                          
00003aa4  uxQueueGetQueueNumber                 
000039c0  uxQueueMessagesWaiting                
00003a44  uxQueueMessagesWaitingFromISR         
000039f8  uxQueueSpacesAvailable                
00001590  uxTaskGetNumberOfTasks                
000028e4  uxTaskGetStackHighWaterMark           
0000fbf0  uxTaskGetSystemState                  
0000223c  uxTaskGetTaskNumber                   
00000b5c  uxTaskPriorityGet                     
00000ba0  uxTaskPriorityGetFromISR              
00002cb4  uxTaskResetEventItemValue             
0000acfc  vApplicationIdleHook                  
00014b30  vListInitialise                       
00014b88  vListInitialiseItem                   
00014c18  vListInsert                           
00014ba4  vListInsertEnd                        
00014d68  vListIterate                          
00004718  vPortEndScheduler                     
000049bc  vPortFree                             
00004ad4  vPortInitialiseBlocks                 
00004230  vPortInitialiseFPSCR                  
00004130  vPortPreemptiveTick                   
00004244  vPortSWI                              
00003ec0  vPortStartFirstTask                   
00004480  vPortStoreTaskMPUSettings             
0000403c  vPortYeildWithinAPI                   
00003f50  vPortYieldProcessor                   
00003a74  vQueueDelete                          
00003abc  vQueueSetQueueNumber                  
000023e0  vTaskAllocateMPURegions               
00000a90  vTaskDelay                            
000008f8  vTaskDelayUntil                       
000007b8  vTaskDelete                           
0000fad0  vTaskDeleteOverrun                    
00001260  vTaskEndScheduler                     
00002b60  vTaskGetRunTimeStats                  
000029d4  vTaskList                             
0000222c  vTaskMissedYield                      
000109b8  vTaskNotifyGiveFromISR                
00001d3c  vTaskPlaceOnEventList                 
00001df4  vTaskPlaceOnUnorderedEventList        
00000be8  vTaskPrioritySet                      
00000fec  vTaskResume                           
0000227c  vTaskSetTaskNumber                    
000020e0  vTaskSetTimeOutState                  
000011c8  vTaskStartScheduler                   
00000de0  vTaskSuspend                          
0000127c  vTaskSuspendAll                       
00001bfc  vTaskSwitchContext                    
0800355c  vehToVehSem                           
0000ae30  vehToVehTask                          
08003560  vehToVehTaskTcb                       
00012134  vimChannelMap                         
00012330  vimDisableInterrupt                   
000121d8  vimEnableInterrupt                    
000123b4  vimGetConfigValue                     
00012060  vimInit                               
00008e00  vimParityCheck                        
0001489c  vimParityErrorHandler                 
00004abc  xPortGetFreeHeapSize                  
00004ac8  xPortGetMinimumEverFreeHeapSize       
000046f4  xPortStartScheduler                   
00002e64  xQueueGenericCreate                   
000034d4  xQueueGenericReceive                  
00002d3c  xQueueGenericReset                    
00002f78  xQueueGenericSend                     
00003238  xQueueGenericSendFromISR              
000033c0  xQueueGiveFromISR                     
00003de0  xQueueIsQueueEmptyFromISR             
00003e6c  xQueueIsQueueFullFromISR              
000038cc  xQueuePeekFromISR                     
00003794  xQueueReceiveFromISR                  
00002124  xTaskCheckForTimeOut                  
00000020  xTaskGenericCreate                    
0000296c  xTaskGetSchedulerState                
00001534  xTaskGetTickCount                     
00001560  xTaskGetTickCountFromISR              
000015fc  xTaskIncrementTick                    
00010634  xTaskNotify                           
000107e0  xTaskNotifyFromISR                    
000104b0  xTaskNotifyWait                       
00001ef0  xTaskRemoveFromEventList              
00001fdc  xTaskRemoveFromUnorderedEventList     
0000138c  xTaskResumeAll                        
000010dc  xTaskResumeFromISR                    


GLOBAL SYMBOLS: SORTED BY Symbol Address 

address   name                                  
-------   ----                                  
00000000  __TI_static_base__                    
00000000  resetEntry                            
00000020  xTaskGenericCreate                    
000007b8  vTaskDelete                           
000008f8  vTaskDelayUntil                       
00000a90  vTaskDelay                            
00000b5c  uxTaskPriorityGet                     
00000ba0  uxTaskPriorityGetFromISR              
00000be8  vTaskPrioritySet                      
00000de0  vTaskSuspend                          
00000fec  vTaskResume                           
000010dc  xTaskResumeFromISR                    
000011c8  vTaskStartScheduler                   
00001260  vTaskEndScheduler                     
0000127c  vTaskSuspendAll                       
0000138c  xTaskResumeAll                        
00001534  xTaskGetTickCount                     
00001560  xTaskGetTickCountFromISR              
00001590  uxTaskGetNumberOfTasks                
000015fc  xTaskIncrementTick                    
00001bfc  vTaskSwitchContext                    
00001d3c  vTaskPlaceOnEventList                 
00001df4  vTaskPlaceOnUnorderedEventList        
00001ef0  xTaskRemoveFromEventList              
00001fdc  xTaskRemoveFromUnorderedEventList     
000020e0  vTaskSetTimeOutState                  
00002124  xTaskCheckForTimeOut                  
0000222c  vTaskMissedYield                      
0000223c  uxTaskGetTaskNumber                   
0000227c  vTaskSetTaskNumber                    
000023e0  vTaskAllocateMPURegions               
000028e4  uxTaskGetStackHighWaterMark           
0000296c  xTaskGetSchedulerState                
000029d4  vTaskList                             
00002b60  vTaskGetRunTimeStats                  
00002cb4  uxTaskResetEventItemValue             
00002d3c  xQueueGenericReset                    
00002e64  xQueueGenericCreate                   
00002f78  xQueueGenericSend                     
00003238  xQueueGenericSendFromISR              
000033c0  xQueueGiveFromISR                     
000034d4  xQueueGenericReceive                  
00003794  xQueueReceiveFromISR                  
000038cc  xQueuePeekFromISR                     
000039c0  uxQueueMessagesWaiting                
000039f8  uxQueueSpacesAvailable                
00003a44  uxQueueMessagesWaitingFromISR         
00003a74  vQueueDelete                          
00003aa4  uxQueueGetQueueNumber                 
00003abc  vQueueSetQueueNumber                  
00003adc  ucQueueGetQueueType                   
00003de0  xQueueIsQueueEmptyFromISR             
00003e6c  xQueueIsQueueFullFromISR              
00003ec0  vPortStartFirstTask                   
00003f50  vPortYieldProcessor                   
0000403c  vPortYeildWithinAPI                   
00004130  vPortPreemptiveTick                   
00004230  vPortInitialiseFPSCR                  
0000423c  ulPortCountLeadingZeros               
00004244  vPortSWI                              
00004314  prvMpuSetRegion                       
0000432c  prvMpuEnable                          
00004344  prvMpuDisable                         
0000436c  pxPortInitialiseStack                 
00004480  vPortStoreTaskMPUSettings             
000046f4  xPortStartScheduler                   
00004718  vPortEndScheduler                     
0000474c  pvPortMalloc                          
000049bc  vPortFree                             
00004abc  xPortGetFreeHeapSize                  
00004ac8  xPortGetMinimumEverFreeHeapSize       
00004ad4  vPortInitialiseBlocks                 
00004dac  __TI_Handler_Table_Base               
00004db4  __TI_CINIT_Base                       
00004db4  __TI_Handler_Table_Limit              
00004dd4  __TI_CINIT_Limit                      
00008020  selftestFailNotification              
00008030  ccmSelfCheck                          
00008174  memoryInit                            
000081b8  stcSelfCheck                          
00008234  cpuSelfTest                           
000082cc  pbistSelfCheck                        
000084ac  pbistRun                              
00008578  pbistStop                             
000085a8  pbistIsTestCompleted                  
000085d4  pbistIsTestPassed                     
00008608  pbistPortTestStatus                   
00008660  efcCheck                              
000086e8  efcStuckZeroTest                      
00008794  efcSelfTest                           
000087bc  checkefcSelfTest                      
0000885c  fmcBus2Check                          
00008898  fmcECCcheck                           
00008938  checkB0RAMECC                         
00008b28  checkB1RAMECC                         
00008d18  checkFlashECC                         
00008df4  custom_dabort                         
00008df8  stcSelfCheckFail                      
00008dfc  cpuSelfTestFail                       
00008e00  vimParityCheck                        
00008eac  dmaParityCheck                        
00008f58  het1ParityCheck                       
00009004  htu1ParityCheck                       
000090c0  het2ParityCheck                       
000091bc  htu2ParityCheck                       
0000926c  adc1ParityCheck                       
00009358  adc2ParityCheck                       
00009410  can1ParityCheck                       
000094e8  can2ParityCheck                       
000095b0  can3ParityCheck                       
00009684  mibspi1ParityCheck                    
0000978c  mibspi3ParityCheck                    
000098b0  mibspi5ParityCheck                    
000099d0  checkRAMECC                           
00009c18  checkClockMonitor                     
00009cf4  checkFlashEEPROMECC                   
00009e8c  checkPLL1Slip                         
00009f8c  checkPLL2Slip                         
0000a050  checkRAMAddrParity                    
0000a15c  checkRAMUERRTest                      
0000a2c4  fmcBus1ParityCheck                    
0000a3ec  pbistFail                             
0000a470  pbistGetConfigValue                   
0000a5bc  stcGetConfigValue                     
0000a660  efcGetConfigValue                     
0000a6fc  ccmr4GetConfigValue                   
0000a76c  errata_PBIST_4                        
0000aad0  enableParity                          
0000ab58  disableParity                         
0000acfc  vApplicationIdleHook                  
0000ad8c  initializeProfiler                    
0000ada8  getProfilerTimerCount                 
0000adb4  getWCET                               
0000add0  runTimeUtilization                    
0000adf4  stateServiceLevelManager              
0000ae30  vehToVehTask                          
0000ae98  blinkLEDTask                          
0000aecc  CATask                                
0000afe0  steerTask                             
0000b078  radarTask                             
0000b174  cruiseControlTask                     
0000b834  canTask                               
0000c64c  main                                  
0000c838  canMessageNotification                
0000c890  max                                   
0000c8f4  min                                   
0000c944  send_float                            
0000c9cc  calculateEuclidianDistance            
0000ca7c  calculateEuclidianDistanceCurve       
0000cafc  numericalDerivativeDist               
0000cb3c  accelerationDemand                    
0000cbbc  accelerationDemand2                   
0000cc2c  simpleThrottleBrake                   
0000ccf0  checkFieldOfViewRadar                 
0000cdd4  checkFieldOfViewV2V                   
0000ce10  numericalDerivativeKP                 
0000ce64  numericalDerivativeKD                 
0000ceac  laneChangeSteering                    
0000cf90  steering                              
0000d0c8  accelerationControl                   
0000d39c  accelerationControlVeh                
0000d664  int_simpson                           
0000d7f0  calculateSteerSensitivity             
0000d82c  calculateWheelSlip                    
0000d91c  canInit                               
0000dea8  canTransmit                           
0000dfa4  canGetData                            
0000e0fc  canGetID                              
0000e164  canUpdateID                           
0000e1dc  canSendRemoteFrame                    
0000e27c  canFillMessageObjectData              
0000e378  canIsTxMessagePending                 
0000e3d4  canIsRxMessageArrived                 
0000e430  canIsMessageBoxValid                  
0000e48c  canGetLastError                       
0000e4b0  canGetErrorLevel                      
0000e4d4  canEnableErrorNotification            
0000e4f4  canEnableStatusChangeNotification     
0000e514  canDisableStatusChangeNotification    
0000e534  canDisableErrorNotification           
0000e554  canEnableloopback                     
0000e58c  canDisableloopback                    
0000e5bc  canIoSetDirection                     
0000e60c  canIoSetPort                          
0000e65c  canIoTxGetBit                         
0000e678  canIoRxGetBit                         
0000e694  can1GetConfigValue                    
0000e800  can2GetConfigValue                    
0000f7cb  __TI_printfi                          
0000fad0  vTaskDeleteOverrun                    
0000fbf0  uxTaskGetSystemState                  
0000fd38  updateTableSameCriticalityOverrun     
0000ffa4  updateTableDifferentCriticalityOverrun
00010360  ulTaskNotifyTake                      
000104b0  xTaskNotifyWait                       
00010634  xTaskNotify                           
000107e0  xTaskNotifyFromISR                    
000109b8  vTaskNotifyGiveFromISR                
00010b64  setupPLL                              
00010bc4  trimLPO                               
00010c0c  setupFlash                            
00010c4c  periphInit                            
00010ca0  mapClocks                             
00010dc8  systemInit                            
00010e94  systemPowerDown                       
00010ec4  systemGetConfigValue                  
000112d8  tcmflashGetConfigValue                
00011484  sramGetConfigValue                    
0001168c  sciInit                               
00011860  sciSetFunctional                      
00011880  sciSetBaudrate                        
00011904  sciIsTxReady                          
00011920  sciSendByte                           
00011950  sciSend                               
00011a84  sciIsRxReady                          
00011aa0  sciIsIdleDetected                     
00011abc  sciRxError                            
00011aec  sciReceiveByte                        
00011b18  sciReceive                            
00011bf0  sciEnableLoopback                     
00011c24  sciDisableLoopback                    
00011c48  sciEnableNotification                 
00011cb0  sciDisableNotification                
00011d18  sciGetConfigValue                     
00011e70  scilinGetConfigValue                  
00012060  vimInit                               
00012134  vimChannelMap                         
000121d8  vimEnableInterrupt                    
00012330  vimDisableInterrupt                   
000123b4  vimGetConfigValue                     
000128fc  muxInit                               
00012c80  pinmuxGetConfigValue                  
00012f34  esmInit                               
0001303c  esmError                              
00013058  esmEnableError                        
00013084  esmDisableError                       
000130b0  esmTriggerErrorPinReset               
000130c0  esmActivateNormalOperation            
000130d0  esmEnableInterrupt                    
000130fc  esmDisableInterrupt                   
00013128  esmSetInterruptLevel                  
000131a4  esmClearStatus                        
000131f0  esmClearStatusBuffer                  
0001320c  esmSetCounterPreloadValue             
0001322c  esmGetStatus                          
000132b8  esmGetStatusBuffer                    
000132f0  esmEnterSelfTest                      
00013378  esmSelfTestStatus                     
000133c8  esmGetConfigValue                     
0001351c  MPU_xTaskGenericCreate                
00013590  MPU_vTaskAllocateMPURegions           
000135c4  MPU_vTaskDelete                       
000135f0  MPU_vTaskDelayUntil                   
00013624  MPU_vTaskDelay                        
00013650  MPU_uxTaskPriorityGet                 
00013684  MPU_vTaskPrioritySet                  
000136b8  MPU_vTaskSuspend                      
000136e4  MPU_vTaskResume                       
00013710  MPU_vTaskSuspendAll                   
00013734  MPU_xTaskResumeAll                    
00013760  MPU_xTaskGetTickCount                 
0001378c  MPU_uxTaskGetNumberOfTasks            
000137b8  MPU_vTaskList                         
000137e4  MPU_vTaskGetRunTimeStats              
00013810  MPU_uxTaskGetStackHighWaterMark       
00013844  MPU_xTaskGetSchedulerState            
00013870  MPU_xQueueGenericCreate               
000138bc  MPU_xQueueGenericSend                 
00013910  MPU_uxQueueMessagesWaiting            
00013944  MPU_xQueueGenericReceive              
00013998  MPU_vQueueDelete                      
000139c4  MPU_xQueueGenericReset                
00013a08  MPU_xQueuePeekFromISR                 
00013a4c  MPU_pvPortMalloc                      
00013a80  MPU_vPortFree                         
00013aac  MPU_vPortInitialiseBlocks             
00013ad0  MPU_xPortGetFreeHeapSize              
00013afc  gioInit                               
00013bcc  gioSetDirection                       
00013bec  gioSetBit                             
00013c3c  gioSetPort                            
00013c5c  gioGetBit                             
00013c84  gioGetPort                            
00013c9c  gioToggleBit                          
00013cf4  gioEnableNotification                 
00013d5c  gioDisableNotification                
00013dc4  gioGetConfigValue                     
00013f80  _coreInitRegisters_                   
0001408c  _coreInitStackPointer_                
000140d8  _getCPSRValue_                        
000140e0  _gotoCPUIdle_                         
000140f8  _coreEnableVfp_                       
00014118  _coreEnableEventBusExport_            
00014130  _coreDisableEventBusExport_           
00014148  _coreEnableRamEcc_                    
00014160  _coreDisableRamEcc_                   
00014178  _coreEnableFlashEcc_                  
00014194  _coreDisableFlashEcc_                 
000141ac  _coreEnableIrqVicOffset_              
000141c4  _coreGetDataFault_                    
000141cc  _coreClearDataFault_                  
000141e0  _coreGetInstructionFault_             
000141e8  _coreClearInstructionFault_           
000141fc  _coreGetDataFaultAddress_             
00014204  _coreClearDataFaultAddress_           
00014218  _coreGetInstructionFaultAddress_      
00014220  _coreClearInstructionFaultAddress_    
00014234  _coreGetAuxiliaryDataFault_           
0001423c  _coreClearAuxiliaryDataFault_         
00014250  _coreGetAuxiliaryInstructionFault_    
00014258  _coreClearAuxiliaryInstructionFault_  
0001426c  _disable_interrupt_                   
00014274  _disable_FIQ_interrupt_               
0001427c  _disable_IRQ_interrupt_               
00014284  _enable_interrupt_                    
0001428c  _esmCcmErrorsClear_                   
00014314  _errata_CORTEXR4_57_                  
0001432c  _errata_CORTEXR4_66_                  
00014344  __TI_PINIT_Base                       
00014348  __TI_PINIT_Limit                      
0001434c  __aeabi_uldivmod                      
00014604  _c_int00                              
0001489c  vimParityErrorHandler                 
00014b30  vListInitialise                       
00014b88  vListInitialiseItem                   
00014ba4  vListInsertEnd                        
00014c18  vListInsert                           
00014cdc  uxListRemove                          
00014d68  vListIterate                          
00015041  exp                                   
00015041  expl                                  
0001528c  can1HighLevelInterrupt                
00015374  can2HighLevelInterrupt                
0001548d  atan2                                 
0001548d  atan2l                                
000157fd  atan                                  
000157fd  atanl                                 
000159a0  esmHighInterrupt                      
00015ab4  _pmuInit_                             
00015b08  _pmuEnableCountersGlobal_             
00015b20  _pmuDisableCountersGlobal_            
00015b38  _pmuResetCycleCounter_                
00015b50  _pmuResetEventCounters_               
00015b68  _pmuResetCounters_                    
00015b80  _pmuStartCounters_                    
00015b88  _pmuStopCounters_                     
00015b90  _pmuSetCountEvent_                    
00015b9c  _pmuGetCycleCount_                    
00015ba4  _pmuGetEventCount_                    
00015bb0  _pmuGetOverflow_                      
00015bc5  ldexp                                 
00015bc5  ldexpl                                
00015bc5  scalbn                                
00015bc5  scalbnl                               
00015cb8  _dabort                               
00015da0  esmGroup1Notification                 
00015db0  esmGroup2Notification                 
00015dc0  memoryPort0TestFailNotification       
00015ddc  memoryPort1TestFailNotification       
00015df8  canErrorNotification                  
00015e0c  canStatusChangeNotification           
00015e34  gioNotification                       
00015e48  sciNotification                       
00015e5c  dmaGroupANotification                 
00015e71  __aeabi_memcpy                        
00015e71  __aeabi_memcpy4                       
00015e71  __aeabi_memcpy8                       
00015e71  memcpy                                
00015f0d  __aeabi_memclr                        
00015f0d  __aeabi_memclr4                       
00015f0d  __aeabi_memclr8                       
00015f0f  __aeabi_memset                        
00015f0f  __aeabi_memset4                       
00015f0f  __aeabi_memset8                       
00015f15  memset                                
00015f87  __aeabi_idiv0                         
00015f89  frexp                                 
00015f89  frexpl                                
00015ffd  __TI_auto_init                        
000160d7  _system_post_cinit                    
000160d9  sprintf                               
0001613d  ltoa                                  
00016195  atoi                                  
000161e5  C$$EXIT                               
000161e9  abort                                 
000161f1  exit                                  
00016234  __aeabi_uidiv                         
00016234  __aeabi_uidivmod                      
00016285  copy_in                               
000162d1  sqrt                                  
000162d1  sqrtl                                 
000162fd  memccpy                               
00016319  copysign                              
00016319  copysignl                             
00016331  strchr                                
00016347  strlen                                
0001635d  _register_unlock                      
00016363  _register_lock                        
0001636b  _nop                                  
00016371  strcpy                                
00016385  __TI_decompress_none                  
00016393  __TI_decompress_rle24                 
00016398  phantomInterrupt                      
00016520  _ctypes_                              
08000934  pxCurrentTCB                          
0800096c  ulCriticalNesting                     
08000970  ulTaskHasFPUContext                   
08003014  intvectreg                            
08003018  intindexreg                           
0800301c  ccdegradePeriod                       
08003020  degradeSteer                          
0800302c  curve_1_x_start                       
08003030  curve_2_x_start                       
08003034  curve_3_x_start                       
08003038  curve_4_x_start                       
0800303c  curve_1_y_start                       
08003040  curve_2_y_start                       
08003044  curve_3_y_start                       
08003048  curve_4_y_start                       
0800304c  curvePassedIndex                      
08003050  curveAheadIndex                       
08003054  curveCurrentIndex                     
08003058  maintainCurveSpeed                    
0800305c  foltravelledDistance                  
08003060  curveaheadxPos                        
08003064  curveaheadyPos                        
08003068  curvepassedxPos                       
0800306c  curvepassedyPos                       
080033cc  __TI_cleanup_ptr                      
080033d0  __TI_dtors_ptr                        
080033d4  __TI_enable_exit_profile_output       
080033e4  _lock                                 
080033e8  _unlock                               
080033ec  errno                                 
08003514  rx_data                               
0800351c  CATcb                                 
08003520  accSem                                
08003524  canIntRxSem                           
08003528  canTaskTcb                            
0800352c  cruiseControlSem                      
08003530  cruiseControlTaskTcb                  
08003534  currentTime                           
08003538  mailBox                               
0800353c  prevTime                              
08003540  radarSem                              
08003544  radarTaskTcb                          
08003548  steerTaskTcb                          
0800354c  timeStep                              
08003550  uartAccTxSem                          
08003554  uartUltrasonicTxSem                   
08003558  ultrasonicSem                         
0800355c  vehToVehSem                           
08003560  vehToVehTaskTcb                       
ffffffff  __TI_pprof_out_hndl                   
ffffffff  __TI_prof_data_size                   
ffffffff  __TI_prof_data_start                  
ffffffff  __binit__                             
ffffffff  __c_args__                            
ffffffff  binit                                 
UNDEFED   SHT$$INIT_ARRAY$$Base                 
UNDEFED   SHT$$INIT_ARRAY$$Limit                

[461 symbols]
